
Allocating common symbols
Common symbol       size              file

bss_var             0x1c              main.o

Memory Configuration

Name             Origin             Length             Attributes
FLASH            0x0000000008000000 0x0000000000020000 xr
SRAM             0x0000000020000000 0x0000000000005000 xrw
*default*        0x0000000000000000 0xffffffffffffffff

Linker script and memory map


.text           0x0000000008000000      0x130
 *(.vectors*)
 .vectors       0x0000000008000000       0x1c start_up.o
                0x0000000008000000                vectors
 *(.text*)
 .text          0x000000000800001c       0x7c main.o
                0x000000000800001c                main
 .text          0x0000000008000098       0x94 start_up.o
                0x0000000008000098                Reset_handler
                0x0000000008000120                USAGE_FAULT_handler
                0x0000000008000120                BUS_handler
                0x0000000008000120                HARD_FAULT_handler
                0x0000000008000120                MM_handler
                0x0000000008000120                Default_handler
                0x0000000008000120                NMI_handler
 *(.rodata)
 .rodata        0x000000000800012c        0x3 main.o
                0x000000000800012c                const_variables
                0x0000000008000130                . = ALIGN (0x4)
 *fill*         0x000000000800012f        0x1 
                0x0000000008000130                _E_text = .

.glue_7         0x0000000008000130        0x0
 .glue_7        0x0000000008000130        0x0 linker stubs

.glue_7t        0x0000000008000130        0x0
 .glue_7t       0x0000000008000130        0x0 linker stubs

.vfp11_veneer   0x0000000008000130        0x0
 .vfp11_veneer  0x0000000008000130        0x0 linker stubs

.v4_bx          0x0000000008000130        0x0
 .v4_bx         0x0000000008000130        0x0 linker stubs

.iplt           0x0000000008000130        0x0
 .iplt          0x0000000008000130        0x0 main.o

.rel.dyn        0x0000000008000130        0x0
 .rel.iplt      0x0000000008000130        0x0 main.o

.data           0x0000000020000000        0x4 load address 0x0000000008000130
                0x0000000020000000                _S_data = .
 *(.data)
 .data          0x0000000020000000        0x3 main.o
                0x0000000020000000                g_variables
 .data          0x0000000020000003        0x0 start_up.o
                0x0000000020000004                . = ALIGN (0x4)
 *fill*         0x0000000020000003        0x1 
                0x0000000020000004                _E_data = .

.igot.plt       0x0000000020000004        0x0 load address 0x0000000008000134
 .igot.plt      0x0000000020000004        0x0 main.o

.bss            0x0000000020000004     0x101c load address 0x0000000008000134
                0x0000000020000004                _S_bss = .
 *(.bss)
 .bss           0x0000000020000004        0x0 main.o
 .bss           0x0000000020000004        0x0 start_up.o
                0x0000000020000004                _E_bss = .
                0x0000000020000004                . = ALIGN (0x4)
                0x0000000020001004                . = (. + 0x1000)
 *fill*         0x0000000020000004     0x1000 
                0x0000000020001004                _stack_top = .
 COMMON         0x0000000020001004       0x1c main.o
                0x0000000020001004                bss_var
LOAD main.o
LOAD start_up.o
OUTPUT(Lab_2_.elf elf32-littlearm)

.debug_info     0x0000000000000000      0x29e
 .debug_info    0x0000000000000000      0x133 main.o
 .debug_info    0x0000000000000133      0x16b start_up.o

.debug_abbrev   0x0000000000000000      0x15a
 .debug_abbrev  0x0000000000000000       0x9a main.o
 .debug_abbrev  0x000000000000009a       0xc0 start_up.o

.debug_loc      0x0000000000000000       0xb4
 .debug_loc     0x0000000000000000       0x38 main.o
 .debug_loc     0x0000000000000038       0x7c start_up.o

.debug_aranges  0x0000000000000000       0x40
 .debug_aranges
                0x0000000000000000       0x20 main.o
 .debug_aranges
                0x0000000000000020       0x20 start_up.o

.debug_line     0x0000000000000000      0x25f
 .debug_line    0x0000000000000000       0x6b main.o
 .debug_line    0x000000000000006b      0x1f4 start_up.o

.debug_str      0x0000000000000000      0x1fe
 .debug_str     0x0000000000000000      0x17d main.o
                                        0x19f (size before relaxing)
 .debug_str     0x000000000000017d       0x81 start_up.o
                                        0x1f7 (size before relaxing)

.comment        0x0000000000000000       0x7b
 .comment       0x0000000000000000       0x7b main.o
                                         0x7c (size before relaxing)
 .comment       0x000000000000007b       0x7c start_up.o

.ARM.attributes
                0x0000000000000000       0x33
 .ARM.attributes
                0x0000000000000000       0x33 main.o
 .ARM.attributes
                0x0000000000000033       0x33 start_up.o

.debug_frame    0x0000000000000000       0x7c
 .debug_frame   0x0000000000000000       0x2c main.o
 .debug_frame   0x000000000000002c       0x50 start_up.o
