
Memory Configuration

Name             Origin             Length             Attributes
FLASH            0x0000000000000000 0x0000000020000000 xr
SRAM             0x0000000020000000 0x0000000020000000 xrw
*default*        0x0000000000000000 0xffffffffffffffff

Linker script and memory map


.text           0x0000000000000000      0x130
 *(.vectors*)
 .vectors       0x0000000000000000       0x14 start_up.o
                0x0000000000000000                g_vector
 *(.text*)
 .text          0x0000000000000014       0x8c main.o
                0x0000000000000014                main
 .text          0x00000000000000a0       0x90 start_up.o
                0x00000000000000a0                reset_handler
                0x0000000000000124                bus_fault
                0x0000000000000124                default_handler
                0x0000000000000124                nmi_handler
                0x0000000000000124                h_fault_handler
 *(.rodata)
                0x0000000000000130                . = ALIGN (0x4)
                0x0000000000000130                _E_text = .

.glue_7         0x0000000000000130        0x0
 .glue_7        0x0000000000000130        0x0 linker stubs

.glue_7t        0x0000000000000130        0x0
 .glue_7t       0x0000000000000130        0x0 linker stubs

.vfp11_veneer   0x0000000000000130        0x0
 .vfp11_veneer  0x0000000000000130        0x0 linker stubs

.v4_bx          0x0000000000000130        0x0
 .v4_bx         0x0000000000000130        0x0 linker stubs

.iplt           0x0000000000000130        0x0
 .iplt          0x0000000000000130        0x0 main.o

.rel.dyn        0x0000000000000130        0x0
 .rel.iplt      0x0000000000000130        0x0 main.o

.data           0x0000000020000000        0x0 load address 0x0000000000000130
                0x0000000020000000                _S_data = .
 *(.data)
 .data          0x0000000020000000        0x0 main.o
 .data          0x0000000020000000        0x0 start_up.o
                0x0000000020000000                . = ALIGN (0x4)
                0x0000000020000000                _E_data = .

.igot.plt       0x0000000020000000        0x0 load address 0x0000000000000130
 .igot.plt      0x0000000020000000        0x0 main.o

.bss            0x0000000020000000      0x400 load address 0x0000000000000130
                0x0000000020000000                _S_bss = .
 *(.bss*)
 .bss           0x0000000020000000        0x0 main.o
 .bss           0x0000000020000000      0x400 start_up.o
                0x0000000020000400                _E_bss = .
LOAD main.o
LOAD start_up.o
OUTPUT(Lab_4_CortexM4.elf elf32-littlearm)

.debug_info     0x0000000000000000      0x1f0
 .debug_info    0x0000000000000000       0x5a main.o
 .debug_info    0x000000000000005a      0x196 start_up.o

.debug_abbrev   0x0000000000000000      0x120
 .debug_abbrev  0x0000000000000000       0x4d main.o
 .debug_abbrev  0x000000000000004d       0xd3 start_up.o

.debug_loc      0x0000000000000000       0xb4
 .debug_loc     0x0000000000000000       0x38 main.o
 .debug_loc     0x0000000000000038       0x7c start_up.o

.debug_aranges  0x0000000000000000       0x40
 .debug_aranges
                0x0000000000000000       0x20 main.o
 .debug_aranges
                0x0000000000000020       0x20 start_up.o

.debug_line     0x0000000000000000      0x256
 .debug_line    0x0000000000000000       0x63 main.o
 .debug_line    0x0000000000000063      0x1f3 start_up.o

.debug_str      0x0000000000000000      0x1cd
 .debug_str     0x0000000000000000       0xf1 main.o
                                        0x103 (size before relaxing)
 .debug_str     0x00000000000000f1       0xdc start_up.o
                                        0x1f2 (size before relaxing)

.comment        0x0000000000000000       0x7b
 .comment       0x0000000000000000       0x7b main.o
                                         0x7c (size before relaxing)
 .comment       0x000000000000007b       0x7c start_up.o

.ARM.attributes
                0x0000000000000000       0x33
 .ARM.attributes
                0x0000000000000000       0x33 main.o
 .ARM.attributes
                0x0000000000000033       0x33 start_up.o

.debug_frame    0x0000000000000000       0x7c
 .debug_frame   0x0000000000000000       0x2c main.o
 .debug_frame   0x000000000000002c       0x50 start_up.o
