
Allocating common symbols
Common symbol       size              file

bss_var             0x1c              main.o

Memory Configuration

Name             Origin             Length             Attributes
flash            0x08000000         0x00020000         xr
sram             0x20000000         0x00005000         xrw
*default*        0x00000000         0xffffffff

Linker script and memory map


.text           0x08000000      0x110
 *(.vectors*)
 .vectors       0x08000000       0x50 start_up.o
 *(.text*)
 .text          0x08000050       0xb4 main.o
                0x08000050                main
 .text          0x08000104        0x8 start_up.o
 *(.rodata)
 .rodata        0x0800010c        0x4 main.o
                0x0800010c                const_variables
                0x08000110                _E_TEXT = .

.glue_7         0x08000110        0x0
 .glue_7        0x00000000        0x0 linker stubs

.glue_7t        0x08000110        0x0
 .glue_7t       0x00000000        0x0 linker stubs

.vfp11_veneer   0x08000110        0x0
 .vfp11_veneer  0x00000000        0x0 linker stubs

.v4_bx          0x08000110        0x0
 .v4_bx         0x00000000        0x0 linker stubs

.iplt           0x08000110        0x0
 .iplt          0x00000000        0x0 main.o

.rel.dyn        0x08000110        0x0
 .rel.iplt      0x00000000        0x0 main.o

.data           0x20000000        0x4 load address 0x08000110
                0x20000000                _S_DATA = .
 *(.data)
 .data          0x20000000        0x4 main.o
                0x20000000                g_variables
 .data          0x20000004        0x0 start_up.o
                0x20000004                _E_DATA = .

.igot.plt       0x20000004        0x0 load address 0x08000114
 .igot.plt      0x00000000        0x0 main.o

.bss            0x20000004     0x101c load address 0x08000114
                0x20000004                _S_BSS = .
 *(.bss)
 .bss           0x20000004        0x0 main.o
 .bss           0x20000004        0x0 start_up.o
                0x20000004                _E_BSS = .
                0x20001004                . = (. + 0x1000)
 *fill*         0x20000004     0x1000 
                0x20001004                _stack_top = .
 COMMON         0x20001004       0x1c main.o
                0x20001004                bss_var
LOAD main.o
LOAD start_up.o
OUTPUT(Lab_2.elf elf32-littlearm)

.debug_info     0x00000000      0x171
 .debug_info    0x00000000      0x129 main.o
 .debug_info    0x00000129       0x48 start_up.o

.debug_abbrev   0x00000000       0xb0
 .debug_abbrev  0x00000000       0x9c main.o
 .debug_abbrev  0x0000009c       0x14 start_up.o

.debug_loc      0x00000000       0x38
 .debug_loc     0x00000000       0x38 main.o

.debug_aranges  0x00000000       0x40
 .debug_aranges
                0x00000000       0x20 main.o
 .debug_aranges
                0x00000020       0x20 start_up.o

.debug_line     0x00000000       0xa7
 .debug_line    0x00000000       0x6b main.o
 .debug_line    0x0000006b       0x3c start_up.o

.debug_str      0x00000000       0xc9
 .debug_str     0x00000000       0xc9 main.o
                                 0xeb (size before relaxing)

.comment        0x00000000       0x11
 .comment       0x00000000       0x11 main.o
                                 0x12 (size before relaxing)

.ARM.attributes
                0x00000000       0x31
 .ARM.attributes
                0x00000000       0x33 main.o
 .ARM.attributes
                0x00000033       0x21 start_up.o

.debug_frame    0x00000000       0x2c
 .debug_frame   0x00000000       0x2c main.o
